<?xml version="1.0" encoding="UTF-8"?>
<testResults version="1.2">
<httpSample t="174" it="0" lt="168" ct="0" ts="1680877346316" s="true" lb="" rc="200" rm="OK" tn="My Thread Group 1-1" dt="text" by="2894" sby="0" ng="2" na="2">
  <java.net.URL>https://localhost:7294/Home</java.net.URL>
</httpSample>
<httpSample t="174" it="0" lt="168" ct="0" ts="1680877346316" s="true" lb="" rc="200" rm="OK" tn="My Thread Group 2-1" dt="text" by="2894" sby="0" ng="2" na="2">
  <java.net.URL>https://localhost:7294/Home</java.net.URL>
</httpSample>
<httpSample t="7" it="0" lt="7" ct="0" ts="1680877346499" s="true" lb="" rc="200" rm="OK" tn="My Thread Group 2-1" dt="text" by="2894" sby="0" ng="2" na="2">
  <java.net.URL>https://localhost:7294/Home</java.net.URL>
</httpSample>
<httpSample t="7" it="0" lt="7" ct="0" ts="1680877346499" s="true" lb="" rc="200" rm="OK" tn="My Thread Group 1-1" dt="text" by="2894" sby="0" ng="2" na="2">
  <java.net.URL>https://localhost:7294/Home</java.net.URL>
</httpSample>
<httpSample t="7" it="0" lt="7" ct="0" ts="1680877346507" s="true" lb="" rc="200" rm="OK" tn="My Thread Group 2-1" dt="text" by="2894" sby="0" ng="2" na="2">
  <java.net.URL>https://localhost:7294/Home</java.net.URL>
</httpSample>
<httpSample t="7" it="0" lt="7" ct="0" ts="1680877346507" s="true" lb="" rc="200" rm="OK" tn="My Thread Group 1-1" dt="text" by="2894" sby="0" ng="2" na="2">
  <java.net.URL>https://localhost:7294/Home</java.net.URL>
</httpSample>
<httpSample t="6" it="0" lt="6" ct="0" ts="1680877346514" s="true" lb="" rc="200" rm="OK" tn="My Thread Group 2-1" dt="text" by="2894" sby="0" ng="2" na="2">
  <java.net.URL>https://localhost:7294/Home</java.net.URL>
</httpSample>
<httpSample t="7" it="0" lt="6" ct="0" ts="1680877346514" s="true" lb="" rc="200" rm="OK" tn="My Thread Group 1-1" dt="text" by="2894" sby="0" ng="2" na="2">
  <java.net.URL>https://localhost:7294/Home</java.net.URL>
</httpSample>
<httpSample t="5" it="0" lt="5" ct="0" ts="1680877346521" s="true" lb="" rc="200" rm="OK" tn="My Thread Group 1-1" dt="text" by="2894" sby="0" ng="2" na="2">
  <java.net.URL>https://localhost:7294/Home</java.net.URL>
</httpSample>
<httpSample t="5" it="0" lt="5" ct="0" ts="1680877346521" s="true" lb="" rc="200" rm="OK" tn="My Thread Group 2-1" dt="text" by="2894" sby="0" ng="2" na="2">
  <java.net.URL>https://localhost:7294/Home</java.net.URL>
</httpSample>
<httpSample t="12" it="0" lt="11" ct="0" ts="1680877346810" s="true" lb="" rc="200" rm="OK" tn="My Thread Group 1-2" dt="text" by="2894" sby="0" ng="2" na="2">
  <java.net.URL>https://localhost:7294/Home</java.net.URL>
</httpSample>
<httpSample t="10" it="0" lt="10" ct="0" ts="1680877346812" s="true" lb="" rc="200" rm="OK" tn="My Thread Group 2-2" dt="text" by="2894" sby="0" ng="2" na="2">
  <java.net.URL>https://localhost:7294/Home</java.net.URL>
</httpSample>
<httpSample t="4" it="0" lt="4" ct="0" ts="1680877346822" s="true" lb="" rc="200" rm="OK" tn="My Thread Group 2-2" dt="text" by="2894" sby="0" ng="2" na="2">
  <java.net.URL>https://localhost:7294/Home</java.net.URL>
</httpSample>
<httpSample t="4" it="0" lt="4" ct="0" ts="1680877346822" s="true" lb="" rc="200" rm="OK" tn="My Thread Group 1-2" dt="text" by="2894" sby="0" ng="2" na="2">
  <java.net.URL>https://localhost:7294/Home</java.net.URL>
</httpSample>
<httpSample t="5" it="0" lt="5" ct="0" ts="1680877346826" s="true" lb="" rc="200" rm="OK" tn="My Thread Group 1-2" dt="text" by="2894" sby="0" ng="2" na="2">
  <java.net.URL>https://localhost:7294/Home</java.net.URL>
</httpSample>
<httpSample t="5" it="0" lt="5" ct="0" ts="1680877346826" s="true" lb="" rc="200" rm="OK" tn="My Thread Group 2-2" dt="text" by="2894" sby="0" ng="2" na="2">
  <java.net.URL>https://localhost:7294/Home</java.net.URL>
</httpSample>
<httpSample t="5" it="0" lt="4" ct="0" ts="1680877346831" s="true" lb="" rc="200" rm="OK" tn="My Thread Group 2-2" dt="text" by="2894" sby="0" ng="2" na="2">
  <java.net.URL>https://localhost:7294/Home</java.net.URL>
</httpSample>
<httpSample t="5" it="0" lt="4" ct="0" ts="1680877346831" s="true" lb="" rc="200" rm="OK" tn="My Thread Group 1-2" dt="text" by="2894" sby="0" ng="2" na="2">
  <java.net.URL>https://localhost:7294/Home</java.net.URL>
</httpSample>
<httpSample t="5" it="0" lt="4" ct="0" ts="1680877346836" s="true" lb="" rc="200" rm="OK" tn="My Thread Group 2-2" dt="text" by="2894" sby="0" ng="2" na="2">
  <java.net.URL>https://localhost:7294/Home</java.net.URL>
</httpSample>
<httpSample t="5" it="0" lt="4" ct="0" ts="1680877346836" s="true" lb="" rc="200" rm="OK" tn="My Thread Group 1-2" dt="text" by="2894" sby="0" ng="2" na="2">
  <java.net.URL>https://localhost:7294/Home</java.net.URL>
</httpSample>
<httpSample t="11" it="0" lt="10" ct="0" ts="1680877347308" s="true" lb="" rc="200" rm="OK" tn="My Thread Group 1-3" dt="text" by="2894" sby="0" ng="2" na="2">
  <java.net.URL>https://localhost:7294/Home</java.net.URL>
</httpSample>
<httpSample t="11" it="0" lt="10" ct="0" ts="1680877347310" s="true" lb="" rc="200" rm="OK" tn="My Thread Group 2-3" dt="text" by="2894" sby="0" ng="2" na="2">
  <java.net.URL>https://localhost:7294/Home</java.net.URL>
</httpSample>
<httpSample t="4" it="0" lt="4" ct="0" ts="1680877347319" s="true" lb="" rc="200" rm="OK" tn="My Thread Group 1-3" dt="text" by="2894" sby="0" ng="2" na="2">
  <java.net.URL>https://localhost:7294/Home</java.net.URL>
</httpSample>
<httpSample t="4" it="0" lt="4" ct="0" ts="1680877347321" s="true" lb="" rc="200" rm="OK" tn="My Thread Group 2-3" dt="text" by="2894" sby="0" ng="2" na="2">
  <java.net.URL>https://localhost:7294/Home</java.net.URL>
</httpSample>
<httpSample t="3" it="0" lt="3" ct="0" ts="1680877347324" s="true" lb="" rc="200" rm="OK" tn="My Thread Group 1-3" dt="text" by="2894" sby="0" ng="2" na="2">
  <java.net.URL>https://localhost:7294/Home</java.net.URL>
</httpSample>
<httpSample t="4" it="0" lt="3" ct="0" ts="1680877347325" s="true" lb="" rc="200" rm="OK" tn="My Thread Group 2-3" dt="text" by="2894" sby="0" ng="2" na="2">
  <java.net.URL>https://localhost:7294/Home</java.net.URL>
</httpSample>
<httpSample t="4" it="0" lt="3" ct="0" ts="1680877347328" s="true" lb="" rc="200" rm="OK" tn="My Thread Group 1-3" dt="text" by="2894" sby="0" ng="2" na="2">
  <java.net.URL>https://localhost:7294/Home</java.net.URL>
</httpSample>
<httpSample t="4" it="0" lt="4" ct="0" ts="1680877347329" s="true" lb="" rc="200" rm="OK" tn="My Thread Group 2-3" dt="text" by="2894" sby="0" ng="2" na="2">
  <java.net.URL>https://localhost:7294/Home</java.net.URL>
</httpSample>
<httpSample t="5" it="0" lt="4" ct="0" ts="1680877347332" s="true" lb="" rc="200" rm="OK" tn="My Thread Group 1-3" dt="text" by="2894" sby="0" ng="2" na="2">
  <java.net.URL>https://localhost:7294/Home</java.net.URL>
</httpSample>
<httpSample t="4" it="0" lt="4" ct="0" ts="1680877347334" s="true" lb="" rc="200" rm="OK" tn="My Thread Group 2-3" dt="text" by="2894" sby="0" ng="1" na="1">
  <java.net.URL>https://localhost:7294/Home</java.net.URL>
</httpSample>
<httpSample t="10" it="0" lt="9" ct="0" ts="1680877347807" s="true" lb="" rc="200" rm="OK" tn="My Thread Group 1-4" dt="text" by="2894" sby="0" ng="2" na="2">
  <java.net.URL>https://localhost:7294/Home</java.net.URL>
</httpSample>
<httpSample t="10" it="0" lt="9" ct="0" ts="1680877347810" s="true" lb="" rc="200" rm="OK" tn="My Thread Group 2-4" dt="text" by="2894" sby="0" ng="2" na="2">
  <java.net.URL>https://localhost:7294/Home</java.net.URL>
</httpSample>
<httpSample t="4" it="0" lt="3" ct="0" ts="1680877347817" s="true" lb="" rc="200" rm="OK" tn="My Thread Group 1-4" dt="text" by="2894" sby="0" ng="2" na="2">
  <java.net.URL>https://localhost:7294/Home</java.net.URL>
</httpSample>
<httpSample t="4" it="0" lt="4" ct="0" ts="1680877347820" s="true" lb="" rc="200" rm="OK" tn="My Thread Group 2-4" dt="text" by="2894" sby="0" ng="2" na="2">
  <java.net.URL>https://localhost:7294/Home</java.net.URL>
</httpSample>
<httpSample t="3" it="0" lt="3" ct="0" ts="1680877347821" s="true" lb="" rc="200" rm="OK" tn="My Thread Group 1-4" dt="text" by="2894" sby="0" ng="2" na="2">
  <java.net.URL>https://localhost:7294/Home</java.net.URL>
</httpSample>
<httpSample t="5" it="0" lt="5" ct="0" ts="1680877347824" s="true" lb="" rc="200" rm="OK" tn="My Thread Group 2-4" dt="text" by="2894" sby="0" ng="2" na="2">
  <java.net.URL>https://localhost:7294/Home</java.net.URL>
</httpSample>
<httpSample t="6" it="0" lt="5" ct="0" ts="1680877347824" s="true" lb="" rc="200" rm="OK" tn="My Thread Group 1-4" dt="text" by="2894" sby="0" ng="2" na="2">
  <java.net.URL>https://localhost:7294/Home</java.net.URL>
</httpSample>
<httpSample t="3" it="0" lt="3" ct="0" ts="1680877347830" s="true" lb="" rc="200" rm="OK" tn="My Thread Group 1-4" dt="text" by="2894" sby="0" ng="2" na="2">
  <java.net.URL>https://localhost:7294/Home</java.net.URL>
</httpSample>
<httpSample t="4" it="0" lt="4" ct="0" ts="1680877347829" s="true" lb="" rc="200" rm="OK" tn="My Thread Group 2-4" dt="text" by="2894" sby="0" ng="2" na="2">
  <java.net.URL>https://localhost:7294/Home</java.net.URL>
</httpSample>
<httpSample t="3" it="0" lt="3" ct="0" ts="1680877347834" s="true" lb="" rc="200" rm="OK" tn="My Thread Group 2-4" dt="text" by="2894" sby="0" ng="1" na="1">
  <java.net.URL>https://localhost:7294/Home</java.net.URL>
</httpSample>
<httpSample t="10" it="0" lt="10" ct="0" ts="1680877348306" s="true" lb="" rc="200" rm="OK" tn="My Thread Group 1-5" dt="text" by="2894" sby="0" ng="2" na="2">
  <java.net.URL>https://localhost:7294/Home</java.net.URL>
</httpSample>
<httpSample t="9" it="0" lt="9" ct="0" ts="1680877348310" s="true" lb="" rc="200" rm="OK" tn="My Thread Group 2-5" dt="text" by="2894" sby="0" ng="2" na="2">
  <java.net.URL>https://localhost:7294/Home</java.net.URL>
</httpSample>
<httpSample t="3" it="0" lt="3" ct="0" ts="1680877348316" s="true" lb="" rc="200" rm="OK" tn="My Thread Group 1-5" dt="text" by="2894" sby="0" ng="2" na="2">
  <java.net.URL>https://localhost:7294/Home</java.net.URL>
</httpSample>
<httpSample t="4" it="0" lt="4" ct="0" ts="1680877348319" s="true" lb="" rc="200" rm="OK" tn="My Thread Group 1-5" dt="text" by="2894" sby="0" ng="2" na="2">
  <java.net.URL>https://localhost:7294/Home</java.net.URL>
</httpSample>
<httpSample t="4" it="0" lt="4" ct="0" ts="1680877348319" s="true" lb="" rc="200" rm="OK" tn="My Thread Group 2-5" dt="text" by="2894" sby="0" ng="2" na="2">
  <java.net.URL>https://localhost:7294/Home</java.net.URL>
</httpSample>
<httpSample t="3" it="0" lt="3" ct="0" ts="1680877348324" s="true" lb="" rc="200" rm="OK" tn="My Thread Group 2-5" dt="text" by="2894" sby="0" ng="2" na="2">
  <java.net.URL>https://localhost:7294/Home</java.net.URL>
</httpSample>
<httpSample t="4" it="0" lt="4" ct="0" ts="1680877348323" s="true" lb="" rc="200" rm="OK" tn="My Thread Group 1-5" dt="text" by="2894" sby="0" ng="2" na="2">
  <java.net.URL>https://localhost:7294/Home</java.net.URL>
</httpSample>
<httpSample t="6" it="0" lt="3" ct="0" ts="1680877348328" s="true" lb="" rc="200" rm="OK" tn="My Thread Group 1-5" dt="text" by="2894" sby="0" ng="2" na="2">
  <java.net.URL>https://localhost:7294/Home</java.net.URL>
</httpSample>
<httpSample t="6" it="0" lt="3" ct="0" ts="1680877348328" s="true" lb="" rc="200" rm="OK" tn="My Thread Group 2-5" dt="text" by="2894" sby="0" ng="2" na="2">
  <java.net.URL>https://localhost:7294/Home</java.net.URL>
</httpSample>
<httpSample t="3" it="0" lt="3" ct="0" ts="1680877348335" s="true" lb="" rc="200" rm="OK" tn="My Thread Group 2-5" dt="text" by="2894" sby="0" ng="1" na="1">
  <java.net.URL>https://localhost:7294/Home</java.net.URL>
</httpSample>
<httpSample t="11" it="0" lt="11" ct="0" ts="1680877348807" s="true" lb="" rc="200" rm="OK" tn="My Thread Group 1-6" dt="text" by="2894" sby="0" ng="2" na="2">
  <java.net.URL>https://localhost:7294/Home</java.net.URL>
</httpSample>
<httpSample t="11" it="0" lt="11" ct="0" ts="1680877348811" s="true" lb="" rc="200" rm="OK" tn="My Thread Group 2-6" dt="text" by="2894" sby="0" ng="2" na="2">
  <java.net.URL>https://localhost:7294/Home</java.net.URL>
</httpSample>
<httpSample t="4" it="0" lt="4" ct="0" ts="1680877348818" s="true" lb="" rc="200" rm="OK" tn="My Thread Group 1-6" dt="text" by="2894" sby="0" ng="2" na="2">
  <java.net.URL>https://localhost:7294/Home</java.net.URL>
</httpSample>
<httpSample t="4" it="0" lt="4" ct="0" ts="1680877348822" s="true" lb="" rc="200" rm="OK" tn="My Thread Group 1-6" dt="text" by="2894" sby="0" ng="2" na="2">
  <java.net.URL>https://localhost:7294/Home</java.net.URL>
</httpSample>
<httpSample t="4" it="0" lt="4" ct="0" ts="1680877348822" s="true" lb="" rc="200" rm="OK" tn="My Thread Group 2-6" dt="text" by="2894" sby="0" ng="2" na="2">
  <java.net.URL>https://localhost:7294/Home</java.net.URL>
</httpSample>
<httpSample t="4" it="0" lt="4" ct="0" ts="1680877348827" s="true" lb="" rc="200" rm="OK" tn="My Thread Group 1-6" dt="text" by="2894" sby="0" ng="2" na="2">
  <java.net.URL>https://localhost:7294/Home</java.net.URL>
</httpSample>
<httpSample t="4" it="0" lt="4" ct="0" ts="1680877348827" s="true" lb="" rc="200" rm="OK" tn="My Thread Group 2-6" dt="text" by="2894" sby="0" ng="2" na="2">
  <java.net.URL>https://localhost:7294/Home</java.net.URL>
</httpSample>
<httpSample t="4" it="0" lt="3" ct="0" ts="1680877348832" s="true" lb="" rc="200" rm="OK" tn="My Thread Group 1-6" dt="text" by="2894" sby="0" ng="2" na="2">
  <java.net.URL>https://localhost:7294/Home</java.net.URL>
</httpSample>
<httpSample t="4" it="0" lt="4" ct="0" ts="1680877348832" s="true" lb="" rc="200" rm="OK" tn="My Thread Group 2-6" dt="text" by="2894" sby="0" ng="2" na="2">
  <java.net.URL>https://localhost:7294/Home</java.net.URL>
</httpSample>
<httpSample t="4" it="0" lt="4" ct="0" ts="1680877348836" s="true" lb="" rc="200" rm="OK" tn="My Thread Group 2-6" dt="text" by="2894" sby="0" ng="1" na="1">
  <java.net.URL>https://localhost:7294/Home</java.net.URL>
</httpSample>
<httpSample t="9" it="0" lt="9" ct="0" ts="1680877349307" s="true" lb="" rc="200" rm="OK" tn="My Thread Group 1-7" dt="text" by="2894" sby="0" ng="2" na="2">
  <java.net.URL>https://localhost:7294/Home</java.net.URL>
</httpSample>
<httpSample t="8" it="0" lt="8" ct="0" ts="1680877349310" s="true" lb="" rc="200" rm="OK" tn="My Thread Group 2-7" dt="text" by="2894" sby="0" ng="2" na="2">
  <java.net.URL>https://localhost:7294/Home</java.net.URL>
</httpSample>
<httpSample t="3" it="0" lt="3" ct="0" ts="1680877349316" s="true" lb="" rc="200" rm="OK" tn="My Thread Group 1-7" dt="text" by="2894" sby="0" ng="2" na="2">
  <java.net.URL>https://localhost:7294/Home</java.net.URL>
</httpSample>
<httpSample t="4" it="0" lt="4" ct="0" ts="1680877349318" s="true" lb="" rc="200" rm="OK" tn="My Thread Group 2-7" dt="text" by="2894" sby="0" ng="2" na="2">
  <java.net.URL>https://localhost:7294/Home</java.net.URL>
</httpSample>
<httpSample t="4" it="0" lt="4" ct="0" ts="1680877349319" s="true" lb="" rc="200" rm="OK" tn="My Thread Group 1-7" dt="text" by="2894" sby="0" ng="2" na="2">
  <java.net.URL>https://localhost:7294/Home</java.net.URL>
</httpSample>
<httpSample t="3" it="0" lt="3" ct="0" ts="1680877349323" s="true" lb="" rc="200" rm="OK" tn="My Thread Group 2-7" dt="text" by="2894" sby="0" ng="2" na="2">
  <java.net.URL>https://localhost:7294/Home</java.net.URL>
</httpSample>
<httpSample t="3" it="0" lt="2" ct="0" ts="1680877349324" s="true" lb="" rc="200" rm="OK" tn="My Thread Group 1-7" dt="text" by="2894" sby="0" ng="2" na="2">
  <java.net.URL>https://localhost:7294/Home</java.net.URL>
</httpSample>
<httpSample t="3" it="0" lt="3" ct="0" ts="1680877349326" s="true" lb="" rc="200" rm="OK" tn="My Thread Group 2-7" dt="text" by="2894" sby="0" ng="2" na="2">
  <java.net.URL>https://localhost:7294/Home</java.net.URL>
</httpSample>
<httpSample t="2" it="0" lt="2" ct="0" ts="1680877349327" s="true" lb="" rc="200" rm="OK" tn="My Thread Group 1-7" dt="text" by="2894" sby="0" ng="2" na="2">
  <java.net.URL>https://localhost:7294/Home</java.net.URL>
</httpSample>
<httpSample t="3" it="0" lt="3" ct="0" ts="1680877349330" s="true" lb="" rc="200" rm="OK" tn="My Thread Group 2-7" dt="text" by="2894" sby="0" ng="1" na="1">
  <java.net.URL>https://localhost:7294/Home</java.net.URL>
</httpSample>
<httpSample t="9" it="0" lt="9" ct="0" ts="1680877349806" s="true" lb="" rc="200" rm="OK" tn="My Thread Group 1-8" dt="text" by="2894" sby="0" ng="2" na="2">
  <java.net.URL>https://localhost:7294/Home</java.net.URL>
</httpSample>
<httpSample t="3" it="0" lt="2" ct="0" ts="1680877349816" s="true" lb="" rc="200" rm="OK" tn="My Thread Group 1-8" dt="text" by="2894" sby="0" ng="2" na="2">
  <java.net.URL>https://localhost:7294/Home</java.net.URL>
</httpSample>
<httpSample t="9" it="0" lt="8" ct="0" ts="1680877349810" s="true" lb="" rc="200" rm="OK" tn="My Thread Group 2-8" dt="text" by="2894" sby="0" ng="2" na="2">
  <java.net.URL>https://localhost:7294/Home</java.net.URL>
</httpSample>
<httpSample t="3" it="0" lt="3" ct="0" ts="1680877349819" s="true" lb="" rc="200" rm="OK" tn="My Thread Group 1-8" dt="text" by="2894" sby="0" ng="2" na="2">
  <java.net.URL>https://localhost:7294/Home</java.net.URL>
</httpSample>
<httpSample t="3" it="0" lt="3" ct="0" ts="1680877349819" s="true" lb="" rc="200" rm="OK" tn="My Thread Group 2-8" dt="text" by="2894" sby="0" ng="2" na="2">
  <java.net.URL>https://localhost:7294/Home</java.net.URL>
</httpSample>
<httpSample t="4" it="0" lt="3" ct="0" ts="1680877349822" s="true" lb="" rc="200" rm="OK" tn="My Thread Group 1-8" dt="text" by="2894" sby="0" ng="2" na="2">
  <java.net.URL>https://localhost:7294/Home</java.net.URL>
</httpSample>
<httpSample t="4" it="0" lt="3" ct="0" ts="1680877349822" s="true" lb="" rc="200" rm="OK" tn="My Thread Group 2-8" dt="text" by="2894" sby="0" ng="2" na="2">
  <java.net.URL>https://localhost:7294/Home</java.net.URL>
</httpSample>
<httpSample t="4" it="0" lt="3" ct="0" ts="1680877349826" s="true" lb="" rc="200" rm="OK" tn="My Thread Group 2-8" dt="text" by="2894" sby="0" ng="2" na="2">
  <java.net.URL>https://localhost:7294/Home</java.net.URL>
</httpSample>
<httpSample t="4" it="0" lt="3" ct="0" ts="1680877349826" s="true" lb="" rc="200" rm="OK" tn="My Thread Group 1-8" dt="text" by="2894" sby="0" ng="2" na="2">
  <java.net.URL>https://localhost:7294/Home</java.net.URL>
</httpSample>
<httpSample t="3" it="0" lt="3" ct="0" ts="1680877349830" s="true" lb="" rc="200" rm="OK" tn="My Thread Group 2-8" dt="text" by="2894" sby="0" ng="1" na="1">
  <java.net.URL>https://localhost:7294/Home</java.net.URL>
</httpSample>
<httpSample t="9" it="0" lt="9" ct="0" ts="1680877350307" s="true" lb="" rc="200" rm="OK" tn="My Thread Group 1-9" dt="text" by="2894" sby="0" ng="2" na="2">
  <java.net.URL>https://localhost:7294/Home</java.net.URL>
</httpSample>
<httpSample t="8" it="0" lt="8" ct="0" ts="1680877350310" s="true" lb="" rc="200" rm="OK" tn="My Thread Group 2-9" dt="text" by="2894" sby="0" ng="2" na="2">
  <java.net.URL>https://localhost:7294/Home</java.net.URL>
</httpSample>
<httpSample t="3" it="0" lt="3" ct="0" ts="1680877350318" s="true" lb="" rc="200" rm="OK" tn="My Thread Group 1-9" dt="text" by="2894" sby="0" ng="2" na="2">
  <java.net.URL>https://localhost:7294/Home</java.net.URL>
</httpSample>
<httpSample t="3" it="0" lt="3" ct="0" ts="1680877350319" s="true" lb="" rc="200" rm="OK" tn="My Thread Group 2-9" dt="text" by="2894" sby="0" ng="2" na="2">
  <java.net.URL>https://localhost:7294/Home</java.net.URL>
</httpSample>
<httpSample t="4" it="0" lt="3" ct="0" ts="1680877350321" s="true" lb="" rc="200" rm="OK" tn="My Thread Group 1-9" dt="text" by="2894" sby="0" ng="2" na="2">
  <java.net.URL>https://localhost:7294/Home</java.net.URL>
</httpSample>
<httpSample t="3" it="0" lt="3" ct="0" ts="1680877350322" s="true" lb="" rc="200" rm="OK" tn="My Thread Group 2-9" dt="text" by="2894" sby="0" ng="2" na="2">
  <java.net.URL>https://localhost:7294/Home</java.net.URL>
</httpSample>
<httpSample t="3" it="0" lt="3" ct="0" ts="1680877350325" s="true" lb="" rc="200" rm="OK" tn="My Thread Group 1-9" dt="text" by="2894" sby="0" ng="2" na="2">
  <java.net.URL>https://localhost:7294/Home</java.net.URL>
</httpSample>
<httpSample t="3" it="0" lt="3" ct="0" ts="1680877350325" s="true" lb="" rc="200" rm="OK" tn="My Thread Group 2-9" dt="text" by="2894" sby="0" ng="2" na="2">
  <java.net.URL>https://localhost:7294/Home</java.net.URL>
</httpSample>
<httpSample t="4" it="0" lt="3" ct="0" ts="1680877350328" s="true" lb="" rc="200" rm="OK" tn="My Thread Group 1-9" dt="text" by="2894" sby="0" ng="2" na="2">
  <java.net.URL>https://localhost:7294/Home</java.net.URL>
</httpSample>
<httpSample t="4" it="0" lt="3" ct="0" ts="1680877350328" s="true" lb="" rc="200" rm="OK" tn="My Thread Group 2-9" dt="text" by="2894" sby="0" ng="2" na="2">
  <java.net.URL>https://localhost:7294/Home</java.net.URL>
</httpSample>
<httpSample t="9" it="0" lt="8" ct="0" ts="1680877350806" s="true" lb="" rc="200" rm="OK" tn="My Thread Group 1-10" dt="text" by="2894" sby="0" ng="2" na="2">
  <java.net.URL>https://localhost:7294/Home</java.net.URL>
</httpSample>
<httpSample t="9" it="0" lt="9" ct="0" ts="1680877350809" s="true" lb="" rc="200" rm="OK" tn="My Thread Group 2-10" dt="text" by="2894" sby="0" ng="2" na="2">
  <java.net.URL>https://localhost:7294/Home</java.net.URL>
</httpSample>
<httpSample t="3" it="0" lt="3" ct="0" ts="1680877350815" s="true" lb="" rc="200" rm="OK" tn="My Thread Group 1-10" dt="text" by="2894" sby="0" ng="2" na="2">
  <java.net.URL>https://localhost:7294/Home</java.net.URL>
</httpSample>
<httpSample t="3" it="0" lt="3" ct="0" ts="1680877350818" s="true" lb="" rc="200" rm="OK" tn="My Thread Group 2-10" dt="text" by="2894" sby="0" ng="2" na="2">
  <java.net.URL>https://localhost:7294/Home</java.net.URL>
</httpSample>
<httpSample t="3" it="0" lt="3" ct="0" ts="1680877350818" s="true" lb="" rc="200" rm="OK" tn="My Thread Group 1-10" dt="text" by="2894" sby="0" ng="2" na="2">
  <java.net.URL>https://localhost:7294/Home</java.net.URL>
</httpSample>
<httpSample t="3" it="0" lt="3" ct="0" ts="1680877350822" s="true" lb="" rc="200" rm="OK" tn="My Thread Group 2-10" dt="text" by="2894" sby="0" ng="2" na="2">
  <java.net.URL>https://localhost:7294/Home</java.net.URL>
</httpSample>
<httpSample t="3" it="0" lt="3" ct="0" ts="1680877350822" s="true" lb="" rc="200" rm="OK" tn="My Thread Group 1-10" dt="text" by="2894" sby="0" ng="2" na="2">
  <java.net.URL>https://localhost:7294/Home</java.net.URL>
</httpSample>
<httpSample t="4" it="0" lt="3" ct="0" ts="1680877350825" s="true" lb="" rc="200" rm="OK" tn="My Thread Group 1-10" dt="text" by="2894" sby="0" ng="2" na="2">
  <java.net.URL>https://localhost:7294/Home</java.net.URL>
</httpSample>
<httpSample t="4" it="0" lt="3" ct="0" ts="1680877350825" s="true" lb="" rc="200" rm="OK" tn="My Thread Group 2-10" dt="text" by="2894" sby="0" ng="2" na="2">
  <java.net.URL>https://localhost:7294/Home</java.net.URL>
</httpSample>
<httpSample t="4" it="0" lt="3" ct="0" ts="1680877350829" s="true" lb="" rc="200" rm="OK" tn="My Thread Group 2-10" dt="text" by="2894" sby="0" ng="1" na="1">
  <java.net.URL>https://localhost:7294/Home</java.net.URL>
</httpSample>

</testResults>
